../Core/Src/main.c:148:5:main	64	static
../Core/Src/main.c:288:6:SystemClock_Config	112	static
../Core/Src/main.c:336:13:MX_I2C2_Init	8	static
../Core/Src/main.c:384:13:MX_SPI2_Init	8	static
../Core/Src/main.c:424:13:MX_TSC_Init	8	static
../Core/Src/main.c:467:13:MX_USART3_UART_Init	8	static
../Core/Src/main.c:502:13:MX_USART4_UART_Init	8	static
../Core/Src/main.c:537:13:MX_USB_PCD_Init	8	static
../Core/Src/main.c:567:13:MX_DMA_Init	16	static
../Core/Src/main.c:585:13:MX_GPIO_Init	48	static
../Core/Src/main.c:623:5:indexof	16	static
../Core/Src/main.c:629:7:substring	32	static
../Core/Src/main.c:655:5:MQTT_Init	16	static
../Core/Src/main.c:687:6:MQTT_Connect	8	static
../Core/Src/main.c:712:5:SIM900_SendCommand	24	static
../Core/Src/main.c:729:6:clearRxBuffer	8	static
../Core/Src/main.c:736:6:clearMqttBuffer	8	static
../Core/Src/main.c:744:6:HAL_UART_RxCpltCallback	24	static
../Core/Src/main.c:797:6:printk	16	static
../Core/Src/main.c:810:6:sendMQTTMessage	24	static
../Core/Src/main.c:848:6:mqtt_connect_message	32	static
../Core/Src/main.c:880:6:mqtt_publish_message	40	static
../Core/Src/main.c:903:6:mqtt_disconnect_message	16	static
../Core/Src/main.c:914:6:Error_Handler	8	static,ignoring_inline_asm
